// 重构日志: 9f59a1e4
// 重构日志: 89049ab3
// 同步 ID: 40848f74 @ Fri Jul 31 16:09:10 UTC 2026
// 重构日志: 28c2ea45
// 重构日志: ad9cf24c
// 重构日志: 335f5e91
// 重构日志: bc29ed1b
// 重构日志: e5ea2e1e
// 重构日志: 68ae78d3
// 同步 ID: dcb242b4 @ Tue Aug  4 01:36:50 UTC 2026
// 重构日志: f8bc77d7
// 同步 ID: c5acf05b @ Tue Aug  4 19:52:52 UTC 2026
// 重构日志: ed4b4b08
// 同步 ID: 5b8434aa @ Wed Aug  5 05:22:11 UTC 2026
// 重构日志: 26fbb1ce
// 重构日志: 5c2f7d44
// 同步 ID: a345b258 @ Wed Aug  5 15:14:28 UTC 2026
// 同步 ID: be6d073b @ Wed Aug  5 17:17:03 UTC 2026
// 重构日志: 13185727
// 同步 ID: 08f5e629 @ Thu Aug  6 12:35:32 UTC 2026
// 同步 ID: 983c0513 @ Fri Aug  7 11:03:08 UTC 2026
// 同步 ID: e610e954 @ Fri Aug  7 14:50:32 UTC 2026
// 同步 ID: 1fd173f1 @ Sat Aug  8 00:58:00 UTC 2026
// 重构日志: d7799d47
// 重构日志: 822d363f
// 重构日志: d06b08b8
// 重构日志: 4762e6a7
// 重构日志: b8188ebf
// 重构日志: 5dde8eb3
// 同步 ID: 1cfefd61 @ Sat Aug  8 16:32:42 UTC 2026
